// Jest Snapshot v1, https://goo.gl/fbAQLP

exports[`ExchangeRate should match snapshot 1`] = `
<DocumentFragment>
  <div
    class="Container"
  >
    <span
      class="Decoration"
    />
    <span
      class="ExchangeRate"
    >
      1  = ... 
    </span>
  </div>
</DocumentFragment>
`;
