// Jest Snapshot v1, https://goo.gl/fbAQLP

exports[`Switch should match snapshot 1`] = `
<DocumentFragment>
  <button
    class="Button"
  >
    <span
      class="Icon"
    />
  </button>
</DocumentFragment>
`;
