// Jest Snapshot v1, https://goo.gl/fbAQLP

exports[`Disclaimer should match snapshot 1`] = `
<DocumentFragment>
  <p
    class="Disclaimer"
  />
</DocumentFragment>
`;
